Date: 2026-03-15T17:59:05Z
Host: Darwin 25.3.0

=== Day 4 Task 1: run-gates.sh fail-fast (DRY_RUN=0, continue_on_fail=0) ===

DRY_RUN=0 RUN_GATES_CONTINUE_ON_FAIL=0

2026-03-15T17:59:05Z [run-gates] Starting gate runner (DRY_RUN=0 continue_on_fail=0)
2026-03-15T17:59:05Z [run-gates] Running navio2-modules.sh
  -> modprobe: command not found (expected on macOS)
  -> 5 errors: 2 module loads + 3 missing paths
  -> Module gate failed with 5 issue(s)

Gate summary:
navio2-modules.sh:FAIL
(remaining gates NOT executed - fail-fast)

2026-03-15T17:59:05Z [run-gates] ERROR: Gate runner completed with 1 failure(s)
exit: 1

RESULT: PASS - fail-fast correctly stops at first failing gate

=== Day 4 Task 1: run-gates.sh continue mode (DRY_RUN=0, continue_on_fail=1) ===

DRY_RUN=0 RUN_GATES_CONTINUE_ON_FAIL=1

2026-03-15T17:59:06Z [run-gates] Starting gate runner (DRY_RUN=0 continue_on_fail=1)
  navio2-modules.sh:    FAIL (modprobe unavailable, paths missing)
  navio2-permissions.sh: FAIL (7 missing paths)
  navio2-time-sync.sh:  FAIL (timedatectl unavailable)
  navio2-gps-lock.sh:   BLOCKED (polls for full 180s timeout - expected behavior in live mode)
  navio2-preflight.sh:  (would run after GPS timeout)

exit: 1

Notes:
- Continue mode correctly runs all gates through failure
- GPS lock gate correctly polls for full timeout in non-dry-run (by design)
- Exit propagation: final exit code is 1 when any gate fails
RESULT: PASS
