Date: 2026-03-15T17:58:51Z
Host: Darwin 25.3.0

=== Day 4 Task 1: run-gates.sh dry-run (pass scenario) ===

DRY_RUN=1 RUN_GATES_CONTINUE_ON_FAIL=1

2026-03-15T17:58:51Z [run-gates] Starting gate runner (DRY_RUN=1 continue_on_fail=1)
2026-03-15T17:58:51Z [run-gates] Running navio2-modules.sh
  -> Module gate passed (DRY_RUN warnings for missing paths)
2026-03-15T17:58:51Z [run-gates] Running navio2-permissions.sh
  -> Permissions gate passed (DRY_RUN warnings for missing paths)
2026-03-15T17:58:51Z [run-gates] Running navio2-time-sync.sh
  -> Time sync gate passed (timedatectl unavailable, DRY_RUN early-exit)
2026-03-15T17:58:52Z [run-gates] Running navio2-gps-lock.sh
  -> GPS lock gate passed (GPS path missing, DRY_RUN early-exit)
2026-03-15T17:58:52Z [run-gates] Running navio2-preflight.sh
  -> Preflight gate passed (DRY_RUN warnings for ADC/SPI)

Gate summary:
navio2-modules.sh:PASS
navio2-permissions.sh:PASS
navio2-time-sync.sh:PASS
navio2-gps-lock.sh:PASS
navio2-preflight.sh:PASS

2026-03-15T17:58:52Z [run-gates] All gates passed
exit: 0

Elapsed: ~1 second (all gates exit immediately in dry-run)
RESULT: PASS
