Date: 2026-03-15T18:09:13Z
Host: Darwin 25.3.0

=== Day 5 Task 1: Full cold-boot rehearsal (DRY_RUN=1) ===

2026-03-15T18:09:13Z [run-gates] Starting gate runner (DRY_RUN=1 continue_on_fail=1)

Gate 1: navio2-modules.sh
  -> DRY_RUN: modprobe rcio_adc, rcio_pwm (skipped)
  -> WARN: 3 expected paths missing (expected on non-Navio2 host)
  -> RESULT: PASS

Gate 2: navio2-permissions.sh
  -> WARN: 7 permission paths missing (expected on non-Navio2 host)
  -> chgrp/chmod skipped in dry-run
  -> RESULT: PASS

Gate 3: navio2-time-sync.sh
  -> timedatectl not available (macOS host)
  -> DRY_RUN early-exit triggered
  -> RESULT: PASS

Gate 4: navio2-gps-lock.sh
  -> GPS status path not readable (/run/navio2/gps_status)
  -> DRY_RUN early-exit triggered (fix applied Day 2)
  -> RESULT: PASS

Gate 5: navio2-preflight.sh
  -> WARN: 6 ADC channels not readable (expected)
  -> DRY_RUN: log write skipped
  -> WARN: Optional SPI node not present
  -> RESULT: PASS

Gate summary:
  navio2-modules.sh:PASS
  navio2-permissions.sh:PASS
  navio2-time-sync.sh:PASS
  navio2-gps-lock.sh:PASS
  navio2-preflight.sh:PASS

All gates passed
exit: 0
Elapsed: <1 second

Shellcheck: 0 findings across all scripts (14 files)

=== Regression check ===
No gates regressed from previous passing evidence.
Day 0 baseline: PASS (unchanged)
Day 1 modules/permissions: PASS (unchanged)
Day 2 time-sync/GPS lock: PASS (GPS lock improved with early-exit)
Day 3 preflight/ordering: PASS (unchanged)
Day 4 orchestration/status: PASS (unchanged)

RESULT: PASS - full rehearsal completed without manual intervention
